// Jest Snapshot v1, https://goo.gl/fbAQLP

exports[`The ValidationSpanError Should render an error in a span 1`] = `
<span
  className="validation-span-error"
>
  <small
    style={
      Object {
        "color": "#E27C3E",
      }
    }
  >
    The email is required.
  </small>
</span>
`;
