// Jest Snapshot v1, https://goo.gl/fbAQLP

exports[`The footer renders without crashing 1`] = `
<nav
  className="navbar navbar-expand-lg navbar-custom"
>
  <a
    className="navbar-brand"
    href="/"
    onClick={[Function]}
  >
    <img
      className="navbar-logo-img mr-2"
      src="/img/logo.png"
    />
    More-recipes
  </a>
  <button
    aria-controls="navbarSupportedContent"
    aria-expanded="false"
    aria-label="Toggle navigation"
    className="navbar-toggler"
    data-target="#navbarSupportedContent"
    data-toggle="collapse"
    type="button"
  >
    <span
      className="navbar-toggler-icon"
    />
  </button>
  <div
    className="collapse navbar-collapse"
    id="navbarSupportedContent"
  >
    <ul
      className="navbar-nav ml-auto"
    >
      <li
        className="nav-item"
      >
        <a
          className="nav-link create-recipe-link"
          href=""
        >
          Create recipe 
          <span
            className="sr-only"
          >
            (current)
          </span>
        </a>
      </li>
      <li
        className="nav-item mr-3"
      >
        <a
          className="nav-link"
          href=""
        >
          Recipes 
          <span
            className="sr-only"
          >
            (current)
          </span>
        </a>
      </li>
      <form
        className="form-inline my-2 my-lg-0"
      >
        <input
          aria-label="Search"
          className="form-control mr-sm-2"
          placeholder="Search"
          type="text"
        />
      </form>
    </ul>
  </div>
</nav>
`;

exports[`The navbar renders without crashing 1`] = `
<nav
  className="navbar navbar-expand-lg navbar-custom"
>
  <a
    className="navbar-brand"
    href="/"
    onClick={[Function]}
  >
    <img
      className="navbar-logo-img mr-2"
      src="/img/logo.png"
    />
    More-recipes
  </a>
  <button
    aria-controls="navbarSupportedContent"
    aria-expanded="false"
    aria-label="Toggle navigation"
    className="navbar-toggler"
    data-target="#navbarSupportedContent"
    data-toggle="collapse"
    type="button"
  >
    <span
      className="navbar-toggler-icon"
    />
  </button>
  <div
    className="collapse navbar-collapse"
    id="navbarSupportedContent"
  >
    <ul
      className="navbar-nav ml-auto"
    >
      <li
        className="nav-item"
      >
        <a
          className="nav-link create-recipe-link"
          href=""
        >
          Create recipe 
          <span
            className="sr-only"
          >
            (current)
          </span>
        </a>
      </li>
      <li
        className="nav-item mr-3"
      >
        <a
          className="nav-link"
          href=""
        >
          Recipes 
          <span
            className="sr-only"
          >
            (current)
          </span>
        </a>
      </li>
      <form
        className="form-inline my-2 my-lg-0"
      >
        <input
          aria-label="Search"
          className="form-control mr-sm-2"
          placeholder="Search"
          type="text"
        />
      </form>
    </ul>
  </div>
</nav>
`;
