// Jest Snapshot v1, https://goo.gl/fbAQLP

exports[`The CreateReview component Should mount without crashing 1`] = `
ShallowWrapper {
  "length": 1,
  Symbol(enzyme.__root__): [Circular],
  Symbol(enzyme.__unrendered__): <CreateReview
    checkAuth={[Function]}
    createReview={[Function]}
    params={
      Object {
        "id": 1,
      }
    }
  />,
  Symbol(enzyme.__renderer__): Object {
    "batchedUpdates": [Function],
    "getNode": [Function],
    "render": [Function],
    "simulateEvent": [Function],
    "unmount": [Function],
  },
  Symbol(enzyme.__node__): Object {
    "instance": null,
    "key": undefined,
    "nodeType": "host",
    "props": Object {
      "children": <h1
        className="text-center text-muted"
      >
        <Link
          onlyActiveOnIndex={false}
          style={
            Object {
              "textDecoration": "none",
            }
          }
          to="/auth/login"
        >
          Sign in
        </Link>
         to leave a review
      </h1>,
    },
    "ref": null,
    "rendered": Object {
      "instance": null,
      "key": undefined,
      "nodeType": "host",
      "props": Object {
        "children": Array [
          <Link
            onlyActiveOnIndex={false}
            style={
              Object {
                "textDecoration": "none",
              }
            }
            to="/auth/login"
          >
            Sign in
          </Link>,
          " to leave a review",
        ],
        "className": "text-center text-muted",
      },
      "ref": null,
      "rendered": Array [
        Object {
          "instance": null,
          "key": undefined,
          "nodeType": "class",
          "props": Object {
            "children": "Sign in",
            "onlyActiveOnIndex": false,
            "style": Object {
              "textDecoration": "none",
            },
            "to": "/auth/login",
          },
          "ref": null,
          "rendered": "Sign in",
          "type": [Function],
        },
        " to leave a review",
      ],
      "type": "h1",
    },
    "type": "div",
  },
  Symbol(enzyme.__nodes__): Array [
    Object {
      "instance": null,
      "key": undefined,
      "nodeType": "host",
      "props": Object {
        "children": <h1
          className="text-center text-muted"
        >
          <Link
            onlyActiveOnIndex={false}
            style={
              Object {
                "textDecoration": "none",
              }
            }
            to="/auth/login"
          >
            Sign in
          </Link>
           to leave a review
        </h1>,
      },
      "ref": null,
      "rendered": Object {
        "instance": null,
        "key": undefined,
        "nodeType": "host",
        "props": Object {
          "children": Array [
            <Link
              onlyActiveOnIndex={false}
              style={
                Object {
                  "textDecoration": "none",
                }
              }
              to="/auth/login"
            >
              Sign in
            </Link>,
            " to leave a review",
          ],
          "className": "text-center text-muted",
        },
        "ref": null,
        "rendered": Array [
          Object {
            "instance": null,
            "key": undefined,
            "nodeType": "class",
            "props": Object {
              "children": "Sign in",
              "onlyActiveOnIndex": false,
              "style": Object {
                "textDecoration": "none",
              },
              "to": "/auth/login",
            },
            "ref": null,
            "rendered": "Sign in",
            "type": [Function],
          },
          " to leave a review",
        ],
        "type": "h1",
      },
      "type": "div",
    },
  ],
  Symbol(enzyme.__options__): Object {
    "adapter": ReactSixteenAdapter {
      "options": Object {
        "enableComponentDidUpdateOnSetState": true,
      },
    },
  },
}
`;
