// Jest Snapshot v1, https://goo.gl/fbAQLP

exports[`The Navbar component should mount without crashing 1`] = `
ShallowWrapper {
  "length": 1,
  Symbol(enzyme.__root__): [Circular],
  Symbol(enzyme.__unrendered__): <div>
    <Navbar
      authUser={
        Object {
          "access_token": "",
          "user": Object {
            "email": "test@user.com",
            "id": 1,
            "name": "Test User",
          },
        }
      }
      changeRouterQueryParams={[Function]}
      location={
        Object {
          "pathname": "/recipes",
          "query": Object {
            "query": "",
          },
        }
      }
      router={
        Object {
          "push": [Function],
        }
      }
      signOut={[Function]}
      triggerGetRecipesCatalog={[Function]}
    />
  </div>,
  Symbol(enzyme.__renderer__): Object {
    "batchedUpdates": [Function],
    "getNode": [Function],
    "render": [Function],
    "simulateEvent": [Function],
    "unmount": [Function],
  },
  Symbol(enzyme.__node__): Object {
    "instance": null,
    "key": undefined,
    "nodeType": "host",
    "props": Object {
      "children": <Navbar
        authUser={
          Object {
            "access_token": "",
            "user": Object {
              "email": "test@user.com",
              "id": 1,
              "name": "Test User",
            },
          }
        }
        changeRouterQueryParams={[Function]}
        location={
          Object {
            "pathname": "/recipes",
            "query": Object {
              "query": "",
            },
          }
        }
        router={
          Object {
            "push": [Function],
          }
        }
        signOut={[Function]}
        triggerGetRecipesCatalog={[Function]}
      />,
    },
    "ref": null,
    "rendered": Object {
      "instance": null,
      "key": undefined,
      "nodeType": "function",
      "props": Object {
        "authUser": Object {
          "access_token": "",
          "user": Object {
            "email": "test@user.com",
            "id": 1,
            "name": "Test User",
          },
        },
        "changeRouterQueryParams": [Function],
        "location": Object {
          "pathname": "/recipes",
          "query": Object {
            "query": "",
          },
        },
        "router": Object {
          "push": [Function],
        },
        "signOut": [Function],
        "triggerGetRecipesCatalog": [Function],
      },
      "ref": null,
      "rendered": null,
      "type": [Function],
    },
    "type": "div",
  },
  Symbol(enzyme.__nodes__): Array [
    Object {
      "instance": null,
      "key": undefined,
      "nodeType": "host",
      "props": Object {
        "children": <Navbar
          authUser={
            Object {
              "access_token": "",
              "user": Object {
                "email": "test@user.com",
                "id": 1,
                "name": "Test User",
              },
            }
          }
          changeRouterQueryParams={[Function]}
          location={
            Object {
              "pathname": "/recipes",
              "query": Object {
                "query": "",
              },
            }
          }
          router={
            Object {
              "push": [Function],
            }
          }
          signOut={[Function]}
          triggerGetRecipesCatalog={[Function]}
        />,
      },
      "ref": null,
      "rendered": Object {
        "instance": null,
        "key": undefined,
        "nodeType": "function",
        "props": Object {
          "authUser": Object {
            "access_token": "",
            "user": Object {
              "email": "test@user.com",
              "id": 1,
              "name": "Test User",
            },
          },
          "changeRouterQueryParams": [Function],
          "location": Object {
            "pathname": "/recipes",
            "query": Object {
              "query": "",
            },
          },
          "router": Object {
            "push": [Function],
          },
          "signOut": [Function],
          "triggerGetRecipesCatalog": [Function],
        },
        "ref": null,
        "rendered": null,
        "type": [Function],
      },
      "type": "div",
    },
  ],
  Symbol(enzyme.__options__): Object {
    "adapter": ReactSixteenAdapter {
      "options": Object {
        "enableComponentDidUpdateOnSetState": true,
      },
    },
  },
}
`;
