// Jest Snapshot v1, https://goo.gl/fbAQLP

exports[`The SingleRecipeLoader component should mount without crashing 1`] = `
ShallowWrapper {
  "length": 1,
  Symbol(enzyme.__root__): [Circular],
  Symbol(enzyme.__unrendered__): <SingleRecipeLoader />,
  Symbol(enzyme.__renderer__): Object {
    "batchedUpdates": [Function],
    "getNode": [Function],
    "render": [Function],
    "simulateEvent": [Function],
    "unmount": [Function],
  },
  Symbol(enzyme.__node__): Object {
    "instance": null,
    "key": undefined,
    "nodeType": "host",
    "props": Object {
      "children": <ContentLoader
        height={700}
        primaryColor="#f5d2bd"
        secondaryColor="#f9e0d2"
        speed={1}
        type="facebook"
        width={680}
      >
        <Rect
          height={400}
          width={680}
        />
        <Rect
          height={18}
          radius={9}
          width={680}
          y={420}
        />
        <Rect
          height={18}
          radius={9}
          width={500}
          y={460}
        />
        <Rect
          height={18}
          radius={9}
          width={420}
          y={500}
        />
      </ContentLoader>,
    },
    "ref": null,
    "rendered": Object {
      "instance": null,
      "key": undefined,
      "nodeType": "class",
      "props": Object {
        "children": Array [
          <Rect
            height={400}
            width={680}
          />,
          <Rect
            height={18}
            radius={9}
            width={680}
            y={420}
          />,
          <Rect
            height={18}
            radius={9}
            width={500}
            y={460}
          />,
          <Rect
            height={18}
            radius={9}
            width={420}
            y={500}
          />,
        ],
        "height": 700,
        "primaryColor": "#f5d2bd",
        "secondaryColor": "#f9e0d2",
        "speed": 1,
        "type": "facebook",
        "width": 680,
      },
      "ref": null,
      "rendered": Array [
        Object {
          "instance": null,
          "key": undefined,
          "nodeType": "function",
          "props": Object {
            "height": 400,
            "width": 680,
          },
          "ref": null,
          "rendered": null,
          "type": [Function],
        },
        Object {
          "instance": null,
          "key": undefined,
          "nodeType": "function",
          "props": Object {
            "height": 18,
            "radius": 9,
            "width": 680,
            "y": 420,
          },
          "ref": null,
          "rendered": null,
          "type": [Function],
        },
        Object {
          "instance": null,
          "key": undefined,
          "nodeType": "function",
          "props": Object {
            "height": 18,
            "radius": 9,
            "width": 500,
            "y": 460,
          },
          "ref": null,
          "rendered": null,
          "type": [Function],
        },
        Object {
          "instance": null,
          "key": undefined,
          "nodeType": "function",
          "props": Object {
            "height": 18,
            "radius": 9,
            "width": 420,
            "y": 500,
          },
          "ref": null,
          "rendered": null,
          "type": [Function],
        },
      ],
      "type": [Function],
    },
    "type": "div",
  },
  Symbol(enzyme.__nodes__): Array [
    Object {
      "instance": null,
      "key": undefined,
      "nodeType": "host",
      "props": Object {
        "children": <ContentLoader
          height={700}
          primaryColor="#f5d2bd"
          secondaryColor="#f9e0d2"
          speed={1}
          type="facebook"
          width={680}
        >
          <Rect
            height={400}
            width={680}
          />
          <Rect
            height={18}
            radius={9}
            width={680}
            y={420}
          />
          <Rect
            height={18}
            radius={9}
            width={500}
            y={460}
          />
          <Rect
            height={18}
            radius={9}
            width={420}
            y={500}
          />
        </ContentLoader>,
      },
      "ref": null,
      "rendered": Object {
        "instance": null,
        "key": undefined,
        "nodeType": "class",
        "props": Object {
          "children": Array [
            <Rect
              height={400}
              width={680}
            />,
            <Rect
              height={18}
              radius={9}
              width={680}
              y={420}
            />,
            <Rect
              height={18}
              radius={9}
              width={500}
              y={460}
            />,
            <Rect
              height={18}
              radius={9}
              width={420}
              y={500}
            />,
          ],
          "height": 700,
          "primaryColor": "#f5d2bd",
          "secondaryColor": "#f9e0d2",
          "speed": 1,
          "type": "facebook",
          "width": 680,
        },
        "ref": null,
        "rendered": Array [
          Object {
            "instance": null,
            "key": undefined,
            "nodeType": "function",
            "props": Object {
              "height": 400,
              "width": 680,
            },
            "ref": null,
            "rendered": null,
            "type": [Function],
          },
          Object {
            "instance": null,
            "key": undefined,
            "nodeType": "function",
            "props": Object {
              "height": 18,
              "radius": 9,
              "width": 680,
              "y": 420,
            },
            "ref": null,
            "rendered": null,
            "type": [Function],
          },
          Object {
            "instance": null,
            "key": undefined,
            "nodeType": "function",
            "props": Object {
              "height": 18,
              "radius": 9,
              "width": 500,
              "y": 460,
            },
            "ref": null,
            "rendered": null,
            "type": [Function],
          },
          Object {
            "instance": null,
            "key": undefined,
            "nodeType": "function",
            "props": Object {
              "height": 18,
              "radius": 9,
              "width": 420,
              "y": 500,
            },
            "ref": null,
            "rendered": null,
            "type": [Function],
          },
        ],
        "type": [Function],
      },
      "type": "div",
    },
  ],
  Symbol(enzyme.__options__): Object {
    "adapter": ReactSixteenAdapter {
      "options": Object {
        "enableComponentDidUpdateOnSetState": true,
      },
    },
  },
}
`;
